This thing contains lots of weird unicode characters. Thanks, emojis.

╢╥ß┼Φh╞┘
趙跡趠賾賨
Ｈｅｙｇｕｙｓ
㊈

😭😭😭😭😭😭😭uoooohhhhhhh 😭😭😭😭😭😭😭😭😭
❤🧡💛💚💙💜🤎🖤🤍